  甇??斗閬???撠?...
  ???獢?冽??啁????舫脰?????
  AspireAppTemplate.ServiceDefaults -> D:\Projects\AspireAppTemplate\src\aspire\ServiceDefaults\bin\Debug\net10.0\AspireAppTemplate.ServiceDefaults.dll
  AspireAppTemplate.Shared -> D:\Projects\AspireAppTemplate\src\shared\Shared\bin\Debug\net10.0\AspireAppTemplate.Shared.dll
D:\Projects\AspireAppTemplate\src\api\ApiService\Features\Identity\Roles\Create\Endpoint.cs(31,47): error CS1503: 撘 1: ?⊥?敺?'string' 頧???'AspireAppTemplate.Shared.KeycloakRole' [D:\Projects\AspireAppTemplate\src\api\ApiService\AspireAppTemplate.ApiService.csproj]
D:\Projects\AspireAppTemplate\src\api\ApiService\Services\IdentityService.cs(29,58): warning S3928: The parameter name 'Keycloak BaseUrl is not configured.' is not declared in the argument list. (https://rules.sonarsource.com/csharp/RSPEC-3928) [D:\Projects\AspireAppTemplate\src\api\ApiService\AspireAppTemplate.ApiService.csproj]
D:\Projects\AspireAppTemplate\src\api\ApiService\Services\IdentityService.cs(31,74): warning S1075: Remove this hardcoded path-delimiter. (https://rules.sonarsource.com/csharp/RSPEC-1075) [D:\Projects\AspireAppTemplate\src\api\ApiService\AspireAppTemplate.ApiService.csproj]
D:\Projects\AspireAppTemplate\src\api\ApiService\Program.cs(79,65): warning S6966: Await RunAsync instead. (https://rules.sonarsource.com/csharp/RSPEC-6966) [D:\Projects\AspireAppTemplate\src\api\ApiService\AspireAppTemplate.ApiService.csproj]
D:\Projects\AspireAppTemplate\src\api\ApiService\Program.cs(81,77): warning S6966: Await CloseAndFlushAsync instead. (https://rules.sonarsource.com/csharp/RSPEC-6966) [D:\Projects\AspireAppTemplate\src\api\ApiService\AspireAppTemplate.ApiService.csproj]

撱箇蔭憭望???

D:\Projects\AspireAppTemplate\src\api\ApiService\Services\IdentityService.cs(29,58): warning S3928: The parameter name 'Keycloak BaseUrl is not configured.' is not declared in the argument list. (https://rules.sonarsource.com/csharp/RSPEC-3928) [D:\Projects\AspireAppTemplate\src\api\ApiService\AspireAppTemplate.ApiService.csproj]
D:\Projects\AspireAppTemplate\src\api\ApiService\Services\IdentityService.cs(31,74): warning S1075: Remove this hardcoded path-delimiter. (https://rules.sonarsource.com/csharp/RSPEC-1075) [D:\Projects\AspireAppTemplate\src\api\ApiService\AspireAppTemplate.ApiService.csproj]
D:\Projects\AspireAppTemplate\src\api\ApiService\Program.cs(79,65): warning S6966: Await RunAsync instead. (https://rules.sonarsource.com/csharp/RSPEC-6966) [D:\Projects\AspireAppTemplate\src\api\ApiService\AspireAppTemplate.ApiService.csproj]
D:\Projects\AspireAppTemplate\src\api\ApiService\Program.cs(81,77): warning S6966: Await CloseAndFlushAsync instead. (https://rules.sonarsource.com/csharp/RSPEC-6966) [D:\Projects\AspireAppTemplate\src\api\ApiService\AspireAppTemplate.ApiService.csproj]
D:\Projects\AspireAppTemplate\src\api\ApiService\Features\Identity\Roles\Create\Endpoint.cs(31,47): error CS1503: 撘 1: ?⊥?敺?'string' 頧???'AspireAppTemplate.Shared.KeycloakRole' [D:\Projects\AspireAppTemplate\src\api\ApiService\AspireAppTemplate.ApiService.csproj]
    4 ?郎??
    1 ?隤?

蝬??? 00:00:01.31
